python : INFO:security_scanner:Starting security vulnerability scan...
At line:1 char:1
+ python run_complete_tests.py >test_log.txt 2>&1
+ ~~~~~~~~~~~~~~~~~~~~~~~~~~~~~~~~~~~~~~~~~~~~~~~
    + CategoryInfo          : NotSpecified: (INFO:security_s...ability scan... 
   :String) [], RemoteException
    + FullyQualifiedErrorId : NativeCommandError
 
INFO:security_scanner:Scanning authentication...
INFO:security_scanner:Scanning authorization...
INFO:security_scanner:Scanning injection attacks...
INFO:security_scanner:Scanning input validation...
INFO:security_scanner:Scanning sensitive data...
INFO:security_scanner:Scanning API security...
INFO:security_scanner:Scanning infrastructure...
INFO:security_scanner:Starting security vulnerability scan...
INFO:security_scanner:Scanning authentication...
INFO:security_scanner:Scanning authorization...
INFO:security_scanner:Scanning injection attacks...
INFO:security_scanner:Scanning input validation...
INFO:security_scanner:Scanning sensitive data...
INFO:security_scanner:Scanning API security...
INFO:security_scanner:Scanning infrastructure...
INFO:security_scanner:Starting security vulnerability scan...
INFO:security_scanner:Scanning authentication...
INFO:security_scanner:Scanning authorization...
INFO:security_scanner:Scanning injection attacks...
INFO:security_scanner:Scanning input validation...
INFO:security_scanner:Scanning sensitive data...
INFO:security_scanner:Scanning API security...
INFO:security_scanner:Scanning infrastructure...
INFO:dast_tester:Starting DAST testing...
INFO:dast_tester:Testing POST /api/v1/auth/register
INFO:dast_tester:Testing POST /api/v1/auth/verify-otp
INFO:dast_tester:Testing POST /api/v1/auth/login
INFO:dast_tester:Testing POST /api/v1/auth/verify-login-otp
INFO:dast_tester:Testing POST /api/v1/auth/logout
INFO:dast_tester:Testing POST /api/v1/auth/refresh-token
INFO:dast_tester:Testing POST /api/v1/complaints
INFO:dast_tester:Testing GET /api/v1/complaints/my/dashboard
INFO:dast_tester:Testing GET /api/v1/complaints/{id}
INFO:dast_tester:Testing PUT /api/v1/complaints/{id}
INFO:dast_tester:Testing GET /api/v1/dashboard/overview
INFO:dast_tester:Testing GET /api/v1/dashboard/activities
INFO:dast_tester:Testing GET /api/v1/dashboard/metrics
INFO:dast_tester:Testing GET /api/v1/wards
INFO:dast_tester:Testing GET /api/v1/wards/{id}
INFO:dast_tester:Testing GET /api/v1/districts
INFO:dast_tester:Testing GET /api/v1/inspector/complaints
INFO:dast_tester:Testing POST /api/v1/inspector/complaints/{id}/approve
INFO:dast_tester:Testing POST /api/v1/inspector/complaints/{id}/reject
INFO:dast_tester:Testing GET /api/v1/worker/assigned
INFO:dast_tester:Testing POST /api/v1/worker/complaints/{id}/update
INFO:dast_tester:Testing POST /api/v1/worker/complaints/{id}/complete
INFO:dast_tester:Testing GET /api/v1/admin/users
INFO:dast_tester:Testing GET /api/v1/admin/complaints
INFO:dast_tester:Testing POST /api/v1/admin/users/{id}/block
INFO:run_tests:Generating report: 
C:\CiviFix-Refactored\selenium_tests\selenium_test_report.xlsx
INFO:run_tests:Report saved: 
C:\CiviFix-Refactored\selenium_tests\selenium_test_report.xlsx

======================================================================
  CiviFix Comprehensive Testing Suite
======================================================================
Testing: Selenium E2E, Security Vulnerability, DAST
Start Time: 2026-06-17 11:47:56

======================================================================
  PHASE 1: SECURITY VULNERABILITY ASSESSMENT
======================================================================

>>> Security Vulnerability Assessment
Installing security test dependencies...
[OK] Command succeeded

Scanning codebase for vulnerabilities...
[OK] Found 9 vulnerabilities

Generating security reports...
Report saved: C:\CiviFix-Refactored\security_tests\vulnerability_report.xlsx
Markdown report saved: C:\CiviFix-Refactored\security_tests\vulnerability_analysis.md
[OK] Security reports generated
Generating executive summary...
Executive summary saved: C:\CiviFix-Refactored\security_tests\EXECUTIVE_SUMMARY.md
[OK] Executive summary generated

======================================================================
  PHASE 2: DAST TESTING
======================================================================

>>> DAST (Dynamic Application Security Testing)
Installing DAST dependencies...
[OK] Command succeeded
Checking if backend API is running...
[OK] Backend API is running
Generating DAST report...
CiviFix DAST Testing
==================================================

Executing DAST tests...

Generating Excel report...
DAST report saved: C:\CiviFix-Refactored\dast_tests\dast_report.xlsx

==================================================
DAST report generated successfully
[OK] DAST report generated

======================================================================
  PHASE 3: SELENIUM E2E TESTING
======================================================================

>>> Selenium E2E Testing
Installing Selenium dependencies...
[OK] Command succeeded
Checking if frontend is running...
[OK] Frontend is running

Running Selenium tests...
[OK] Command succeeded
[OK] Selenium tests completed
Generating Selenium test report...
[OK] Selenium report generated

======================================================================
  CONSOLIDATING REPORTS
======================================================================

>>> Creating Consolidated Summary Report
Found 3 reports:
  [OK] Selenium E2E Testing
    Location: C:\CiviFix-Refactored\selenium_tests\selenium_test_report.xlsx
  [OK] Security Vulnerability Assessment
    Location: C:\CiviFix-Refactored\security_tests\vulnerability_report.xlsx
  [OK] DAST Testing
    Location: C:\CiviFix-Refactored\dast_tests\dast_report.xlsx

>>> Copying Reports to Output Directory
[OK] selenium_test_report.xlsx
[OK] vulnerability_report.xlsx
[OK] vulnerability_analysis.md
[OK] EXECUTIVE_SUMMARY.md
[OK] dast_report.xlsx

5 files copied to C:\CiviFix-Refactored\Vulnerability Test Results
[OK] Index report generated: C:\CiviFix-Refactored\Vulnerability Test Results\README.md

======================================================================
  TESTING COMPLETED
======================================================================

All reports have been generated and copied to:
  C:\CiviFix-Refactored\Vulnerability Test Results

Generated Reports:
  [OK] selenium_test_report.xlsx
  [OK] vulnerability_report.xlsx
  [OK] vulnerability_analysis.md
  [OK] EXECUTIVE_SUMMARY.md
  [OK] dast_report.xlsx
  [OK] README.md

End Time: 2026-06-17 11:56:07
